[0.008s][info][gc] Using The Z Garbage Collector
[0.143s][info][gc] GC(0) Garbage Collection (Warmup) 4M(12%)->4M(12%)
[3.136s][info][gc] GC(1) Garbage Collection (Warmup) 12M(38%)->8M(25%)
[3.245s][info][gc] GC(2) Garbage Collection (Warmup) 16M(50%)->6M(19%)
[4.248s][info][gc] GC(3) Garbage Collection (Proactive) 16M(50%)->10M(31%)
[23.536s][info][gc] GC(4) Garbage Collection (Proactive) 14M(44%)->8M(25%)
[34.536s][info][gc] GC(5) Garbage Collection (Proactive) 12M(38%)->10M(31%)
[42.642s][info][gc] GC(6) Garbage Collection (Proactive) 14M(44%)->8M(25%)
[52.642s][info][gc] Allocation Stall (main) 2.578ms
[52.643s][info][gc] GC(7) Garbage Collection (Allocation Rate) 22M(69%)->22M(69%)
[52.738s][info][gc] GC(8) Garbage Collection (Allocation Stall) 32M(100%)->8M(25%)
[52.866s][info][gc] GC(9) Garbage Collection (Allocation Rate) 8M(25%)->8M(25%)
[52.951s][info][gc] GC(10) Garbage Collection (Allocation Rate) 8M(25%)->8M(25%)
[53.051s][info][gc] GC(11) Garbage Collection (Allocation Rate) 8M(25%)->8M(25%)
[53.139s][info][gc] GC(12) Garbage Collection (Allocation Rate) 8M(25%)->8M(25%)
[53.253s][info][gc] GC(13) Garbage Collection (Allocation Rate) 8M(25%)->8M(25%)
[53.341s][info][gc] GC(14) Garbage Collection (Allocation Rate) 8M(25%)->8M(25%)
[59.538s][info][gc] GC(15) Garbage Collection (Proactive) 12M(38%)->8M(25%)
[70.647s][info][gc] GC(16) Garbage Collection (Proactive) 12M(38%)->8M(25%)
[71.938s][info][gc] GC(17) Garbage Collection (Proactive) 12M(38%)->12M(38%)
[90.443s][info][gc] GC(18) Garbage Collection (Proactive) 16M(50%)->12M(38%)
[113.645s][info][gc] GC(19) Garbage Collection (Proactive) 16M(50%)->12M(38%)
[139.649s][info][gc] GC(20) Garbage Collection (Proactive) 16M(50%)->12M(38%)
[166.646s][info][gc] GC(21) Garbage Collection (Proactive) 16M(50%)->12M(38%)
